// Jest Snapshot v1, https://goo.gl/fbAQLP

exports[`Button component matches snapshot 1`] = `
<View
  accessibilityState={
    {
      "busy": undefined,
      "checked": undefined,
      "disabled": undefined,
      "expanded": undefined,
      "selected": undefined,
    }
  }
  accessibilityValue={
    {
      "max": undefined,
      "min": undefined,
      "now": undefined,
      "text": undefined,
    }
  }
  accessible={true}
  collapsable={false}
  focusable={false}
  onClick={[Function]}
  onResponderGrant={[Function]}
  onResponderMove={[Function]}
  onResponderRelease={[Function]}
  onResponderTerminate={[Function]}
  onResponderTerminationRequest={[Function]}
  onStartShouldSetResponder={[Function]}
  style={
    {
      "alignItems": "center",
      "backgroundColor": "#5566FF",
      "borderRadius": 15,
      "marginVertical": 5,
      "opacity": 1,
      "paddingHorizontal": 15,
      "paddingVertical": 20,
      "width": "100%",
    }
  }
>
  <Text
    style={
      {
        "color": "white",
        "fontFamily": "Lato-Bold",
        "fontWeight": "400",
      }
    }
  >
    Press Me
  </Text>
</View>
`;
